<script>
    console.log(1); 
</script>

<style>
.class {
  background: url(https://some.site/url/file.jpg);
  }
</style>

<div style="display: none;">
  <p>Hidden block</p>
</div>
