<script>
  console.log(1); 

  var x = '<style>'
  
  (`<style>`);
    document.styleSheets += `.class {
    background: url(https://some.site/url/file.jpg);
  }`;
  var obj = {
    https:
  };
  const y = "</style>";

</script>
