<style>
    body {
    background: #fafafa;
        margin: 8px;
  }
</style>

<style type="text/css" scoped>
    .class1 {
    background: red;
  }
</style>

<div>
  <p>Some content</p>
</div>

<script type="text/javascript" async>
  var x = 5; 
  
  for (var i = 0; i < x; i++) {
    console.log(i); 
  }

  [].map(y => Number(y)).forEach(item => {
    console.log('this is item' + item + '. Url = https://google.com');
  });
</script>
